Archive member included to satisfy reference by file (symbol)

c:/ac6/systemworkbench/plugins/fr.ac6.mcu.externaltools.arm-none.win32_1.17.0.201812190825/tools/compiler/bin/../lib/gcc/arm-none-eabi/7.3.1/thumb/v7-m\libgcc.a(_arm_addsubsf3.o)
                              Src/main.o (__aeabi_ui2f)
c:/ac6/systemworkbench/plugins/fr.ac6.mcu.externaltools.arm-none.win32_1.17.0.201812190825/tools/compiler/bin/../lib/gcc/arm-none-eabi/7.3.1/thumb/v7-m\libgcc.a(_arm_muldivsf3.o)
                              Src/main.o (__aeabi_fmul)
c:/ac6/systemworkbench/plugins/fr.ac6.mcu.externaltools.arm-none.win32_1.17.0.201812190825/tools/compiler/bin/../lib/gcc/arm-none-eabi/7.3.1/thumb/v7-m\libgcc.a(_arm_fixunssfsi.o)
                              Src/main.o (__aeabi_f2uiz)
c:/ac6/systemworkbench/plugins/fr.ac6.mcu.externaltools.arm-none.win32_1.17.0.201812190825/tools/compiler/bin/../lib/gcc/arm-none-eabi/7.3.1/../../../../arm-none-eabi/lib/thumb/v7-m\libc_nano.a(lib_a-errno.o)
                              Src/syscalls.o (__errno)
c:/ac6/systemworkbench/plugins/fr.ac6.mcu.externaltools.arm-none.win32_1.17.0.201812190825/tools/compiler/bin/../lib/gcc/arm-none-eabi/7.3.1/../../../../arm-none-eabi/lib/thumb/v7-m\libc_nano.a(lib_a-exit.o)
                              c:/ac6/systemworkbench/plugins/fr.ac6.mcu.externaltools.arm-none.win32_1.17.0.201812190825/tools/compiler/bin/../lib/gcc/arm-none-eabi/7.3.1/../../../../arm-none-eabi/lib/thumb/v7-m/crt0.o (exit)
c:/ac6/systemworkbench/plugins/fr.ac6.mcu.externaltools.arm-none.win32_1.17.0.201812190825/tools/compiler/bin/../lib/gcc/arm-none-eabi/7.3.1/../../../../arm-none-eabi/lib/thumb/v7-m\libc_nano.a(lib_a-impure.o)
                              c:/ac6/systemworkbench/plugins/fr.ac6.mcu.externaltools.arm-none.win32_1.17.0.201812190825/tools/compiler/bin/../lib/gcc/arm-none-eabi/7.3.1/../../../../arm-none-eabi/lib/thumb/v7-m\libc_nano.a(lib_a-exit.o) (_global_impure_ptr)
c:/ac6/systemworkbench/plugins/fr.ac6.mcu.externaltools.arm-none.win32_1.17.0.201812190825/tools/compiler/bin/../lib/gcc/arm-none-eabi/7.3.1/../../../../arm-none-eabi/lib/thumb/v7-m\libc_nano.a(lib_a-init.o)
                              c:/ac6/systemworkbench/plugins/fr.ac6.mcu.externaltools.arm-none.win32_1.17.0.201812190825/tools/compiler/bin/../lib/gcc/arm-none-eabi/7.3.1/../../../../arm-none-eabi/lib/thumb/v7-m/crt0.o (__libc_init_array)
c:/ac6/systemworkbench/plugins/fr.ac6.mcu.externaltools.arm-none.win32_1.17.0.201812190825/tools/compiler/bin/../lib/gcc/arm-none-eabi/7.3.1/../../../../arm-none-eabi/lib/thumb/v7-m\libc_nano.a(lib_a-memset.o)
                              c:/ac6/systemworkbench/plugins/fr.ac6.mcu.externaltools.arm-none.win32_1.17.0.201812190825/tools/compiler/bin/../lib/gcc/arm-none-eabi/7.3.1/../../../../arm-none-eabi/lib/thumb/v7-m/crt0.o (memset)
c:/ac6/systemworkbench/plugins/fr.ac6.mcu.externaltools.arm-none.win32_1.17.0.201812190825/tools/compiler/bin/../lib/gcc/arm-none-eabi/7.3.1/../../../../arm-none-eabi/lib/thumb/v7-m\libc_nano.a(lib_a-sprintf.o)
                              Src/main.o (sprintf)
c:/ac6/systemworkbench/plugins/fr.ac6.mcu.externaltools.arm-none.win32_1.17.0.201812190825/tools/compiler/bin/../lib/gcc/arm-none-eabi/7.3.1/../../../../arm-none-eabi/lib/thumb/v7-m\libc_nano.a(lib_a-strlen.o)
                              Src/main.o (strlen)
c:/ac6/systemworkbench/plugins/fr.ac6.mcu.externaltools.arm-none.win32_1.17.0.201812190825/tools/compiler/bin/../lib/gcc/arm-none-eabi/7.3.1/../../../../arm-none-eabi/lib/thumb/v7-m\libc_nano.a(lib_a-nano-svfprintf.o)
                              c:/ac6/systemworkbench/plugins/fr.ac6.mcu.externaltools.arm-none.win32_1.17.0.201812190825/tools/compiler/bin/../lib/gcc/arm-none-eabi/7.3.1/../../../../arm-none-eabi/lib/thumb/v7-m\libc_nano.a(lib_a-sprintf.o) (_svfprintf_r)
c:/ac6/systemworkbench/plugins/fr.ac6.mcu.externaltools.arm-none.win32_1.17.0.201812190825/tools/compiler/bin/../lib/gcc/arm-none-eabi/7.3.1/../../../../arm-none-eabi/lib/thumb/v7-m\libc_nano.a(lib_a-nano-vfprintf_i.o)
                              c:/ac6/systemworkbench/plugins/fr.ac6.mcu.externaltools.arm-none.win32_1.17.0.201812190825/tools/compiler/bin/../lib/gcc/arm-none-eabi/7.3.1/../../../../arm-none-eabi/lib/thumb/v7-m\libc_nano.a(lib_a-nano-svfprintf.o) (_printf_i)
c:/ac6/systemworkbench/plugins/fr.ac6.mcu.externaltools.arm-none.win32_1.17.0.201812190825/tools/compiler/bin/../lib/gcc/arm-none-eabi/7.3.1/../../../../arm-none-eabi/lib/thumb/v7-m\libc_nano.a(lib_a-memchr-stub.o)
                              c:/ac6/systemworkbench/plugins/fr.ac6.mcu.externaltools.arm-none.win32_1.17.0.201812190825/tools/compiler/bin/../lib/gcc/arm-none-eabi/7.3.1/../../../../arm-none-eabi/lib/thumb/v7-m\libc_nano.a(lib_a-nano-svfprintf.o) (memchr)
c:/ac6/systemworkbench/plugins/fr.ac6.mcu.externaltools.arm-none.win32_1.17.0.201812190825/tools/compiler/bin/../lib/gcc/arm-none-eabi/7.3.1/../../../../arm-none-eabi/lib/thumb/v7-m\libc_nano.a(lib_a-memcpy-stub.o)
[...]
Memory Configuration

Name             Origin             Length             Attributes
RAM              0x20000000         0x00004000         xrw
FLASH            0x08000000         0x00020000         xr
*default*        0x00000000         0xffffffff

Linker script and memory map

LOAD c:/ac6/systemworkbench/plugins/fr.ac6.mcu.externaltools.arm-none.win32_1.17.0.201812190825/tools/compiler/bin/../lib/gcc/arm-none-eabi/7.3.1/thumb/v7-m/crti.o
LOAD c:/ac6/systemworkbench/plugins/fr.ac6.mcu.externaltools.arm-none.win32_1.17.0.201812190825/tools/compiler/bin/../lib/gcc/arm-none-eabi/7.3.1/thumb/v7-m/crtbegin.o
LOAD c:/ac6/systemworkbench/plugins/fr.ac6.mcu.externaltools.arm-none.win32_1.17.0.201812190825/tools/compiler/bin/../lib/gcc/arm-none-eabi/7.3.1/../../../../arm-none-eabi/lib/thumb/v7-m/crt0.o
LOAD Drivers/STM32L1xx_HAL_Driver/Src/stm32l1xx_hal.o
LOAD Drivers/STM32L1xx_HAL_Driver/Src/stm32l1xx_hal_cortex.o
LOAD Drivers/STM32L1xx_HAL_Driver/Src/stm32l1xx_hal_dma.o
LOAD Drivers/STM32L1xx_HAL_Driver/Src/stm32l1xx_hal_flash.o
LOAD Drivers/STM32L1xx_HAL_Driver/Src/stm32l1xx_hal_flash_ex.o
LOAD Drivers/STM32L1xx_HAL_Driver/Src/stm32l1xx_hal_flash_ramfunc.o
LOAD Drivers/STM32L1xx_HAL_Driver/Src/stm32l1xx_hal_gpio.o
LOAD Drivers/STM32L1xx_HAL_Driver/Src/stm32l1xx_hal_pwr.o
LOAD Drivers/STM32L1xx_HAL_Driver/Src/stm32l1xx_hal_pwr_ex.o
LOAD Drivers/STM32L1xx_HAL_Driver/Src/stm32l1xx_hal_rcc.o
LOAD Drivers/STM32L1xx_HAL_Driver/Src/stm32l1xx_hal_rcc_ex.o
LOAD Drivers/STM32L1xx_HAL_Driver/Src/stm32l1xx_hal_spi.o
LOAD Drivers/STM32L1xx_HAL_Driver/Src/stm32l1xx_hal_tim.o
LOAD Drivers/STM32L1xx_HAL_Driver/Src/stm32l1xx_hal_tim_ex.o
LOAD Drivers/STM32L1xx_HAL_Driver/Src/stm32l1xx_hal_uart.o
LOAD Src/gpio.o
LOAD Src/main.o
LOAD Src/spi.o
LOAD Src/stm32l1xx_hal_msp.o
LOAD Src/stm32l1xx_it.o
LOAD Src/sys.o
LOAD Src/syscalls.o
LOAD Src/system_stm32l1xx.o
LOAD Src/tim.o
LOAD Src/usart.o
LOAD startup/startup_stm32l152xb.o
LOAD c:/ac6/systemworkbench/plugins/fr.ac6.mcu.externaltools.arm-none.win32_1.17.0.201812190825/tools/compiler/bin/../lib/gcc/arm-none-eabi/7.3.1/../../../../arm-none-eabi/lib/thumb/v7-m\libm.a
START GROUP
LOAD c:/ac6/systemworkbench/plugins/fr.ac6.mcu.externaltools.arm-none.win32_1.17.0.201812190825/tools/compiler/bin/../lib/gcc/arm-none-eabi/7.3.1/thumb/v7-m\libgcc.a
LOAD c:/ac6/systemworkbench/plugins/fr.ac6.mcu.externaltools.arm-none.win32_1.17.0.201812190825/tools/compiler/bin/../lib/gcc/arm-none-eabi/7.3.1/../../../../arm-none-eabi/lib/thumb/v7-m\libc_nano.a
END GROUP
START GROUP
LOAD c:/ac6/systemworkbench/plugins/fr.ac6.mcu.externaltools.arm-none.win32_1.17.0.201812190825/tools/compiler/bin/../lib/gcc/arm-none-eabi/7.3.1/thumb/v7-m\libgcc.a
LOAD c:/ac6/systemworkbench/plugins/fr.ac6.mcu.externaltools.arm-none.win32_1.17.0.201812190825/tools/compiler/bin/../lib/gcc/arm-none-eabi/7.3.1/../../../../arm-none-eabi/lib/thumb/v7-m\libc_nano.a
LOAD c:/ac6/systemworkbench/plugins/fr.ac6.mcu.externaltools.arm-none.win32_1.17.0.201812190825/tools/compiler/bin/../lib/gcc/arm-none-eabi/7.3.1/../../../../arm-none-eabi/lib/thumb/v7-m\libnosys.a
END GROUP
START GROUP
LOAD c:/ac6/systemworkbench/plugins/fr.ac6.mcu.externaltools.arm-none.win32_1.17.0.201812190825/tools/compiler/bin/../lib/gcc/arm-none-eabi/7.3.1/thumb/v7-m\libgcc.a
LOAD c:/ac6/systemworkbench/plugins/fr.ac6.mcu.externaltools.arm-none.win32_1.17.0.201812190825/tools/compiler/bin/../lib/gcc/arm-none-eabi/7.3.1/../../../../arm-none-eabi/lib/thumb/v7-m\libc_nano.a
LOAD c:/ac6/systemworkbench/plugins/fr.ac6.mcu.externaltools.arm-none.win32_1.17.0.201812190825/tools/compiler/bin/../lib/gcc/arm-none-eabi/7.3.1/../../../../arm-none-eabi/lib/thumb/v7-m\libnosys.a
END GROUP
LOAD c:/ac6/systemworkbench/plugins/fr.ac6.mcu.externaltools.arm-none.win32_1.17.0.201812190825/tools/compiler/bin/../lib/gcc/arm-none-eabi/7.3.1/thumb/v7-m/crtend.o
LOAD c:/ac6/systemworkbench/plugins/fr.ac6.mcu.externaltools.arm-none.win32_1.17.0.201812190825/tools/compiler/bin/../lib/gcc/arm-none-eabi/7.3.1/thumb/v7-m/crtn.o
                0x20004000                _estack = 0x20004000
                0x00000200                _Min_Heap_Size = 0x200
                0x00000400                _Min_Stack_Size = 0x400

.isr_vector     0x08000000      0x13c
                0x08000000                . = ALIGN (0x4)
 *(.isr_vector)
 .isr_vector    0x08000000      0x13c startup/startup_stm32l152xb.o
                0x08000000                g_pfnVectors
                0x0800013c                . = ALIGN (0x4)

.text           0x0800013c     0x2b98
                0x0800013c                . = ALIGN (0x4)
 *(.text)
 .text          0x0800013c       0x40 c:/ac6/systemworkbench/plugins/fr.ac6.mcu.externaltools.arm-none.win32_1.17.0.201812190825/tools/compiler/bin/../lib/gcc/arm-none-eabi/7.3.1/thumb/v7-m/crtbegin.o
 .text          0x0800017c      0x21c c:/ac6/systemworkbench/plugins/fr.ac6.mcu.externaltools.arm-none.win32_1.17.0.201812190825/tools/compiler/bin/../lib/gcc/arm-none-eabi/7.3.1/thumb/v7-m\libgcc.a(_arm_addsubsf3.o)
                0x0800017c                __aeabi_frsub
                0x08000184                __subsf3
                0x08000184                __aeabi_fsub
                0x08000188                __aeabi_fadd
                0x08000188                __addsf3
                0x080002e8                __aeabi_ui2f
                0x080002e8                __floatunsisf
                0x080002f0                __aeabi_i2f
                0x080002f0                __floatsisf
                0x0800030c                __aeabi_ul2f
                0x0800030c                __floatundisf
                0x0800031c                __aeabi_l2f
                0x0800031c                __floatdisf
 .text          0x08000398      0x2a0 c:/ac6/systemworkbench/plugins/fr.ac6.mcu.externaltools.arm-none.win32_1.17.0.201812190825/tools/compiler/bin/../lib/gcc/arm-none-eabi/7.3.1/thumb/v7-m\libgcc.a(_arm_muldivsf3.o)
                0x08000398                __mulsf3
                0x08000398                __aeabi_fmul
                0x08000500                __aeabi_fdiv
                0x08000500                __divsf3
 .text          0x08000638       0x40 c:/ac6/systemworkbench/plugins/fr.ac6.mcu.externaltools.arm-none.win32_1.17.0.201812190825/tools/compiler/bin/../lib/gcc/arm-none-eabi/7.3.1/thumb/v7-m\libgcc.a(_arm_fixunssfsi.o)
                0x08000638                __fixunssfsi
                0x08000638                __aeabi_f2uiz
 .text          0x08000678       0x10 c:/ac6/systemworkbench/plugins/fr.ac6.mcu.externaltools.arm-none.win32_1.17.0.201812190825/tools/compiler/bin/../lib/gcc/arm-none-eabi/7.3.1/../../../../arm-none-eabi/lib/thumb/v7-m\libc_nano.a(lib_a-strlen.o)
                0x08000678                strlen
 *(.text*)
 .text.HAL_InitTick
                0x08000688       0x4c Drivers/STM32L1xx_HAL_Driver/Src/stm32l1xx_hal.o
                0x08000688                HAL_InitTick
 .text.HAL_Init
                0x080006d4       0x1e Drivers/STM32L1xx_HAL_Driver/Src/stm32l1xx_hal.o
                0x080006d4                HAL_Init
 *fill*         0x080006f2        0x2 
 .text.HAL_IncTick
                0x080006f4       0x18 Drivers/STM32L1xx_HAL_Driver/Src/stm32l1xx_hal.o
                0x080006f4                HAL_IncTick
 .text.HAL_GetTick
                0x0800070c        0xc Drivers/STM32L1xx_HAL_Driver/Src/stm32l1xx_hal.o
                0x0800070c                HAL_GetTick
 .text.HAL_Delay
                0x08000718       0x28 Drivers/STM32L1xx_HAL_Driver/Src/stm32l1xx_hal.o
                0x08000718                HAL_Delay
 .text.HAL_NVIC_SetPriorityGrouping
                0x08000740       0x24 Drivers/STM32L1xx_HAL_Driver/Src/stm32l1xx_hal_cortex.o
                0x08000740                HAL_NVIC_SetPriorityGrouping
 .text.HAL_NVIC_SetPriority
                0x08000764       0x68 Drivers/STM32L1xx_HAL_Driver/Src/stm32l1xx_hal_cortex.o
                0x08000764                HAL_NVIC_SetPriority
 .text.HAL_NVIC_EnableIRQ
                0x080007cc       0x1c Drivers/STM32L1xx_HAL_Driver/Src/stm32l1xx_hal_cortex.o
                0x080007cc                HAL_NVIC_EnableIRQ
 .text.HAL_SYSTICK_Config
                0x080007e8       0x2c Drivers/STM32L1xx_HAL_Driver/Src/stm32l1xx_hal_cortex.o
                0x080007e8                HAL_SYSTICK_Config
 .text.HAL_GPIO_Init
                0x08000814      0x194 Drivers/STM32L1xx_HAL_Driver/Src/stm32l1xx_hal_gpio.o
                0x08000814                HAL_GPIO_Init
 .text.HAL_GPIO_ReadPin
                0x080009a8        0xe Drivers/STM32L1xx_HAL_Driver/Src/stm32l1xx_hal_gpio.o
                0x080009a8                HAL_GPIO_ReadPin
 .text.HAL_GPIO_WritePin
                0x080009b6        0xc Drivers/STM32L1xx_HAL_Driver/Src/stm32l1xx_hal_gpio.o
                0x080009b6                HAL_GPIO_WritePin
 *fill*         0x080009c2        0x2 
 .text.HAL_GPIO_EXTI_IRQHandler
                0x080009c4       0x1c Drivers/STM32L1xx_HAL_Driver/Src/stm32l1xx_hal_gpio.o
                0x080009c4                HAL_GPIO_EXTI_IRQHandler
 .text.RCC_SetFlashLatencyFromMSIRange
                0x080009e0       0x94 Drivers/STM32L1xx_HAL_Driver/Src/stm32l1xx_hal_rcc.o
 .text.HAL_RCC_OscConfig
                0x08000a74      0x4fc Drivers/STM32L1xx_HAL_Driver/Src/stm32l1xx_hal_rcc.o
                0x08000a74                HAL_RCC_OscConfig
 .text.HAL_RCC_GetSysClockFreq
                0x08000f70       0x70 Drivers/STM32L1xx_HAL_Driver/Src/stm32l1xx_hal_rcc.o
                0x08000f70                HAL_RCC_GetSysClockFreq
 .text.HAL_RCC_ClockConfig
                0x08000fe0      0x1dc Drivers/STM32L1xx_HAL_Driver/Src/stm32l1xx_hal_rcc.o
                0x08000fe0                HAL_RCC_ClockConfig
 .text.HAL_RCC_GetHCLKFreq
                0x080011bc        0xc Drivers/STM32L1xx_HAL_Driver/Src/stm32l1xx_hal_rcc.o
                0x080011bc                HAL_RCC_GetHCLKFreq
 .text.HAL_RCC_GetPCLK1Freq
                0x080011c8       0x20 Drivers/STM32L1xx_HAL_Driver/Src/stm32l1xx_hal_rcc.o
                0x080011c8                HAL_RCC_GetPCLK1Freq
 .text.HAL_RCC_GetPCLK2Freq
                0x080011e8       0x20 Drivers/STM32L1xx_HAL_Driver/Src/stm32l1xx_hal_rcc.o
                0x080011e8                HAL_RCC_GetPCLK2Freq
 .text.SPI_WaitFlagStateUntilTimeout
                0x08001208       0x90 Drivers/STM32L1xx_HAL_Driver/Src/stm32l1xx_hal_spi.o
 .text.SPI_EndRxTxTransaction
                0x08001298       0x60 Drivers/STM32L1xx_HAL_Driver/Src/stm32l1xx_hal_spi.o
 .text.SPI_EndRxTransaction
                0x080012f8       0x98 Drivers/STM32L1xx_HAL_Driver/Src/stm32l1xx_hal_spi.o
 .text.HAL_SPI_Init
                0x08001390       0x70 Drivers/STM32L1xx_HAL_Driver/Src/stm32l1xx_hal_spi.o
                0x08001390                HAL_SPI_Init
 .text.HAL_SPI_Transmit
                0x08001400      0x19a Drivers/STM32L1xx_HAL_Driver/Src/stm32l1xx_hal_spi.o
                0x08001400                HAL_SPI_Transmit
 .text.HAL_SPI_TransmitReceive
                0x0800159a      0x22e Drivers/STM32L1xx_HAL_Driver/Src/stm32l1xx_hal_spi.o
                0x0800159a                HAL_SPI_TransmitReceive
 .text.HAL_SPI_Receive
                0x080017c8      0x162 Drivers/STM32L1xx_HAL_Driver/Src/stm32l1xx_hal_spi.o
                0x080017c8                HAL_SPI_Receive
 *fill*         0x0800192a        0x2 
 .text.TIM_Base_SetConfig
                0x0800192c       0x70 Drivers/STM32L1xx_HAL_Driver/Src/stm32l1xx_hal_tim.o
 .text.TIM_TI1_ConfigInputStage
                0x0800199c       0x24 Drivers/STM32L1xx_HAL_Driver/Src/stm32l1xx_hal_tim.o
 .text.TIM_TI2_ConfigInputStage
                0x080019c0       0x26 Drivers/STM32L1xx_HAL_Driver/Src/stm32l1xx_hal_tim.o
 .text.TIM_ITRx_SetConfig
                0x080019e6       0x10 Drivers/STM32L1xx_HAL_Driver/Src/stm32l1xx_hal_tim.o
 .text.TIM_ETR_SetConfig
                0x080019f6       0x16 Drivers/STM32L1xx_HAL_Driver/Src/stm32l1xx_hal_tim.o
 .text.HAL_TIM_Base_Init
                0x08001a0c       0x32 Drivers/STM32L1xx_HAL_Driver/Src/stm32l1xx_hal_tim.o
                0x08001a0c                HAL_TIM_Base_Init
 .text.HAL_TIM_Base_Start
                0x08001a3e       0x24 Drivers/STM32L1xx_HAL_Driver/Src/stm32l1xx_hal_tim.o
                0x08001a3e                HAL_TIM_Base_Start
 .text.HAL_TIM_ConfigClockSource
                0x08001a62       0xda Drivers/STM32L1xx_HAL_Driver/Src/stm32l1xx_hal_tim.o
                0x08001a62                HAL_TIM_ConfigClockSource
 .text.HAL_TIMEx_MasterConfigSynchronization
                0x08001b3c       0x46 Drivers/STM32L1xx_HAL_Driver/Src/stm32l1xx_hal_tim_ex.o
                0x08001b3c                HAL_TIMEx_MasterConfigSynchronization
 *fill*         0x08001b82        0x2 
 .text.UART_SetConfig
                0x08001b84      0x164 Drivers/STM32L1xx_HAL_Driver/Src/stm32l1xx_hal_uart.o
 .text.UART_WaitOnFlagUntilTimeout
                0x08001ce8       0x62 Drivers/STM32L1xx_HAL_Driver/Src/stm32l1xx_hal_uart.o
 .text.HAL_UART_Init
                0x08001d4a       0x5e Drivers/STM32L1xx_HAL_Driver/Src/stm32l1xx_hal_uart.o
                0x08001d4a                HAL_UART_Init
 .text.HAL_UART_Transmit
                0x08001da8       0xe0 Drivers/STM32L1xx_HAL_Driver/Src/stm32l1xx_hal_uart.o
                0x08001da8                HAL_UART_Transmit
 .text.MX_GPIO_Init
                0x08001e88       0xb4 Src/gpio.o
                0x08001e88                MX_GPIO_Init
 .text.GPIO_SwitchModeInput
                0x08001f3c       0x24 Src/main.o
                0x08001f3c                GPIO_SwitchModeInput
 .text.GPIO_SwitchModeOutput
                0x08001f60       0x24 Src/main.o
                0x08001f60                GPIO_SwitchModeOutput
 .text.delayus  0x08001f84       0x14 Src/main.o
                0x08001f84                delayus
 .text.DS18B20_ResetPulse
                0x08001f98       0x64 Src/main.o
                0x08001f98                DS18B20_ResetPulse
 .text.DS18B20_write
                0x08001ffc       0x58 Src/main.o
                0x08001ffc                DS18B20_write
 .text.DS18B20_read
                0x08002054       0x54 Src/main.o
                0x08002054                DS18B20_read
 .text.DS18B20_GetTemperature
                0x080020a8       0x40 Src/main.o
                0x080020a8                DS18B20_GetTemperature
 .text.SystemClock_Config
                0x080020e8       0x68 Src/main.o
                0x080020e8                SystemClock_Config
 .text.Error_Handler
                0x08002150        0x2 Src/main.o
                0x08002150                Error_Handler
 *fill*         0x08002152        0x2 
 .text.W_Register
                0x08002154       0x58 Src/main.o
                0x08002154                W_Register
 .text.NRF24L01_InitPins
                0x080021ac       0x24 Src/main.o
                0x080021ac                NRF24L01_InitPins
 .text.Flush    0x080021d0       0x3c Src/main.o
                0x080021d0                Flush
 .text.GetStatus
                0x0800220c       0x48 Src/main.o
                0x0800220c                GetStatus
 .text.ReadReg  0x08002254       0x58 Src/main.o
                0x08002254                ReadReg
 .text.WriteBit
                0x080022ac       0x2c Src/main.o
                0x080022ac                WriteBit
 .text.PowerUpRx
                0x080022d8       0x44 Src/main.o
                0x080022d8                PowerUpRx
 .text.nrf24_Init
                0x0800231c       0x6a Src/main.o
                0x0800231c                nrf24_Init
 .text.PowerUpTx
                0x08002386       0x20 Src/main.o
                0x08002386                PowerUpTx
 .text.RxFifoEmpty
                0x080023a6       0x10 Src/main.o
                0x080023a6                RxFifoEmpty
 .text.DataReady
                0x080023b6       0x1c Src/main.o
                0x080023b6                DataReady
 *fill*         0x080023d2        0x2 
 .text.HAL_GPIO_EXTI_Callback
                0x080023d4       0x1c Src/main.o
                0x080023d4                HAL_GPIO_EXTI_Callback
 .text.Transmit
                0x080023f0       0x94 Src/main.o
                0x080023f0                Transmit
 .text.GetData  0x08002484       0x58 Src/main.o
                0x08002484                GetData
 .text.ReadBit  0x080024dc       0x1a Src/main.o
                0x080024dc                ReadBit
 *fill*         0x080024f6        0x2 
 .text.SetAddress
                0x080024f8       0x60 Src/main.o
                0x080024f8                SetAddress
 .text.GetTransmissionStatus
                0x08002558       0x1e Src/main.o
                0x08002558                GetTransmissionStatus
 *fill*         0x08002576        0x2 
 .text.uart_disp
                0x08002578       0x30 Src/main.o
                0x08002578                uart_disp
 .text.CheckReg
                0x080025a8      0x184 Src/main.o
                0x080025a8                CheckReg
 .text.main     0x0800272c      0x1c0 Src/main.o
                0x0800272c                main
 .text.MX_SPI1_Init
                0x080028ec       0x40 Src/spi.o
                0x080028ec                MX_SPI1_Init
 .text.HAL_SPI_MspInit
                0x0800292c       0x68 Src/spi.o
                0x0800292c                HAL_SPI_MspInit
 .text.HAL_MspInit
                0x08002994       0x44 Src/stm32l1xx_hal_msp.o
                0x08002994                HAL_MspInit
 .text.NMI_Handler
                0x080029d8        0x2 Src/stm32l1xx_it.o
                0x080029d8                NMI_Handler
 .text.HardFault_Handler
                0x080029da        0x2 Src/stm32l1xx_it.o
                0x080029da                HardFault_Handler
 .text.MemManage_Handler
                0x080029dc        0x2 Src/stm32l1xx_it.o
                0x080029dc                MemManage_Handler
 .text.BusFault_Handler
                0x080029de        0x2 Src/stm32l1xx_it.o
                0x080029de                BusFault_Handler
 .text.UsageFault_Handler
                0x080029e0        0x2 Src/stm32l1xx_it.o
                0x080029e0                UsageFault_Handler
 .text.SVC_Handler
                0x080029e2        0x2 Src/stm32l1xx_it.o
                0x080029e2                SVC_Handler
 .text.DebugMon_Handler
                0x080029e4        0x2 Src/stm32l1xx_it.o
                0x080029e4                DebugMon_Handler
 .text.PendSV_Handler
                0x080029e6        0x2 Src/stm32l1xx_it.o
                0x080029e6                PendSV_Handler
 .text.SysTick_Handler
                0x080029e8        0x8 Src/stm32l1xx_it.o
                0x080029e8                SysTick_Handler
 .text.EXTI2_IRQHandler
                0x080029f0        0xa Src/stm32l1xx_it.o
                0x080029f0                EXTI2_IRQHandler
 *fill*         0x080029fa        0x2 
 .text.SystemInit
                0x080029fc       0x48 Src/system_stm32l1xx.o
                0x080029fc                SystemInit
 .text.MX_TIM2_Init
                0x08002a44       0x70 Src/tim.o
                0x08002a44                MX_TIM2_Init
 .text.MX_TIM3_Init
                0x08002ab4       0x74 Src/tim.o
                0x08002ab4                MX_TIM3_Init
 .text.HAL_TIM_Base_MspInit
                0x08002b28       0x4c Src/tim.o
                0x08002b28                HAL_TIM_Base_MspInit
 .text.MX_USART1_UART_Init
                0x08002b74       0x34 Src/usart.o
                0x08002b74                MX_USART1_UART_Init
 .text.HAL_UART_MspInit
                0x08002ba8       0x70 Src/usart.o
                0x08002ba8                HAL_UART_MspInit
 .text.Reset_Handler
                0x08002c18       0x48 startup/startup_stm32l152xb.o
                0x08002c18                Reset_Handler
 .text.Default_Handler
                0x08002c60        0x2 startup/startup_stm32l152xb.o
                0x08002c60                RTC_Alarm_IRQHandler
                0x08002c60                TIM10_IRQHandler
                0x08002c60                USB_HP_IRQHandler
                0x08002c60                TIM6_IRQHandler
                0x08002c60                PVD_IRQHandler
                0x08002c60                EXTI3_IRQHandler
                0x08002c60                EXTI0_IRQHandler
                0x08002c60                I2C2_EV_IRQHandler
                0x08002c60                SPI1_IRQHandler
                0x08002c60                USB_FS_WKUP_IRQHandler
                0x08002c60                DMA1_Channel4_IRQHandler
                0x08002c60                ADC1_IRQHandler
                0x08002c60                USART3_IRQHandler
                0x08002c60                DMA1_Channel7_IRQHandler
                0x08002c60                LCD_IRQHandler
                0x08002c60                TIM4_IRQHandler
                0x08002c60                I2C1_EV_IRQHandler
                0x08002c60                DMA1_Channel6_IRQHandler
                0x08002c60                TIM3_IRQHandler
                0x08002c60                RCC_IRQHandler
                0x08002c60                DMA1_Channel1_IRQHandler
                0x08002c60                Default_Handler
                0x08002c60                EXTI15_10_IRQHandler
                0x08002c60                TIM7_IRQHandler
                0x08002c60                EXTI9_5_IRQHandler
                0x08002c60                TIM9_IRQHandler
                0x08002c60                TAMPER_STAMP_IRQHandler
                0x08002c60                RTC_WKUP_IRQHandler
                0x08002c60                SPI2_IRQHandler
                0x08002c60                DMA1_Channel5_IRQHandler
                0x08002c60                USB_LP_IRQHandler
                0x08002c60                EXTI4_IRQHandler
                0x08002c60                DMA1_Channel3_IRQHandler
                0x08002c60                COMP_IRQHandler
                0x08002c60                WWDG_IRQHandler
                0x08002c60                TIM2_IRQHandler
                0x08002c60                DAC_IRQHandler
                0x08002c60                EXTI1_IRQHandler
                0x08002c60                TIM11_IRQHandler
                0x08002c60                USART2_IRQHandler
                0x08002c60                I2C2_ER_IRQHandler
                0x08002c60                DMA1_Channel2_IRQHandler
                0x08002c60                FLASH_IRQHandler
                0x08002c60                USART1_IRQHandler
                0x08002c60                I2C1_ER_IRQHandler
 *fill*         0x08002c62        0x2 
 .text.__libc_init_array
                0x08002c64       0x48 c:/ac6/systemworkbench/plugins/fr.ac6.mcu.externaltools.arm-none.win32_1.17.0.201812190825/tools/compiler/bin/../lib/gcc/arm-none-eabi/7.3.1/../../../../arm-none-eabi/lib/thumb/v7-m\libc_nano.a(lib_a-init.o)
                0x08002c64                __libc_init_array
 .text.memset   0x08002cac       0x10 c:/ac6/systemworkbench/plugins/fr.ac6.mcu.externaltools.arm-none.win32_1.17.0.201812190825/tools/compiler/bin/../lib/gcc/arm-none-eabi/7.3.1/../../../../arm-none-eabi/lib/thumb/v7-m\libc_nano.a(lib_a-memset.o)
                0x08002cac                memset
 *(.glue_7)
 .glue_7        0x08002cbc        0x0 linker stubs
 *(.glue_7t)
 .glue_7t       0x08002cbc        0x0 linker stubs
 *(.eh_frame)
 .eh_frame      0x08002cbc        0x0 c:/ac6/systemworkbench/plugins/fr.ac6.mcu.externaltools.arm-none.win32_1.17.0.201812190825/tools/compiler/bin/../lib/gcc/arm-none-eabi/7.3.1/thumb/v7-m/crtbegin.o
 *(.init)
 .init          0x08002cbc        0x4 c:/ac6/systemworkbench/plugins/fr.ac6.mcu.externaltools.arm-none.win32_1.17.0.201812190825/tools/compiler/bin/../lib/gcc/arm-none-eabi/7.3.1/thumb/v7-m/crti.o
                0x08002cbc                _init
 .init          0x08002cc0        0x8 c:/ac6/systemworkbench/plugins/fr.ac6.mcu.externaltools.arm-none.win32_1.17.0.201812190825/tools/compiler/bin/../lib/gcc/arm-none-eabi/7.3.1/thumb/v7-m/crtn.o
 *(.fini)
 .fini          0x08002cc8        0x4 c:/ac6/systemworkbench/plugins/fr.ac6.mcu.externaltools.arm-none.win32_1.17.0.201812190825/tools/compiler/bin/../lib/gcc/arm-none-eabi/7.3.1/thumb/v7-m/crti.o
                0x08002cc8                _fini
 .fini          0x08002ccc        0x8 c:/ac6/systemworkbench/plugins/fr.ac6.mcu.externaltools.arm-none.win32_1.17.0.201812190825/tools/compiler/bin/../lib/gcc/arm-none-eabi/7.3.1/thumb/v7-m/crtn.o
                0x08002cd4                . = ALIGN (0x4)
                0x08002cd4                _etext = .

.vfp11_veneer   0x08002cd4        0x0
 .vfp11_veneer  0x08002cd4        0x0 linker stubs

.v4_bx          0x08002cd4        0x0
 .v4_bx         0x08002cd4        0x0 linker stubs

.iplt           0x08002cd4        0x0
 .iplt          0x08002cd4        0x0 c:/ac6/systemworkbench/plugins/fr.ac6.mcu.externaltools.arm-none.win32_1.17.0.201812190825/tools/compiler/bin/../lib/gcc/arm-none-eabi/7.3.1/thumb/v7-m/crtbegin.o

.rodata         0x08002cd4      0x2d4
                0x08002cd4                . = ALIGN (0x4)
 *(.rodata)
 .rodata        0x08002cd4        0xd Src/main.o
 *fill*         0x08002ce1        0x3 
 .rodata        0x08002ce4       0x24 Src/system_stm32l1xx.o
                0x08002ce4                PLLMulTable
                0x08002cf0                AHBPrescTable
                0x08002d00                APBPrescTable
 *(.rodata*)
 .rodata.str1.4
                0x08002d08      0x2a0 Src/main.o
                                0x29f (size before relaxing)
                0x08002fa8                . = ALIGN (0x4)

.rel.dyn        0x08002fa8        0x0
 .rel.iplt      0x08002fa8        0x0 c:/ac6/systemworkbench/plugins/fr.ac6.mcu.externaltools.arm-none.win32_1.17.0.201812190825/tools/compiler/bin/../lib/gcc/arm-none-eabi/7.3.1/thumb/v7-m/crtbegin.o

.ARM.extab
 *(.ARM.extab* .gnu.linkonce.armextab.*)

.ARM            0x08002fa8        0x0
                0x08002fa8                __exidx_start = .
 *(.ARM.exidx*)
                0x08002fa8                __exidx_end = .

.preinit_array  0x08002fa8        0x0
                0x08002fa8                PROVIDE (__preinit_array_start = .)
 *(.preinit_array*)
                0x08002fa8                PROVIDE (__preinit_array_end = .)

.init_array     0x08002fa8        0x4
                0x08002fa8                PROVIDE (__init_array_start = .)
 *(SORT_BY_NAME(.init_array.*))
 *(.init_array*)
 .init_array    0x08002fa8        0x4 c:/ac6/systemworkbench/plugins/fr.ac6.mcu.externaltools.arm-none.win32_1.17.0.201812190825/tools/compiler/bin/../lib/gcc/arm-none-eabi/7.3.1/thumb/v7-m/crtbegin.o
                0x08002fac                PROVIDE (__init_array_end = .)

.fini_array     0x08002fac        0x4
                [!provide]                PROVIDE (__fini_array_start = .)
 *(SORT_BY_NAME(.fini_array.*))
 *(.fini_array*)
 .fini_array    0x08002fac        0x4 c:/ac6/systemworkbench/plugins/fr.ac6.mcu.externaltools.arm-none.win32_1.17.0.201812190825/tools/compiler/bin/../lib/gcc/arm-none-eabi/7.3.1/thumb/v7-m/crtbegin.o
                [!provide]                PROVIDE (__fini_array_end = .)
                0x08002fb0                _sidata = LOADADDR (.data)

.data           0x20000000        0xc load address 0x08002fb0
                0x20000000                . = ALIGN (0x4)
                0x20000000                _sdata = .
 *(.data)
 .data          0x20000000        0x8 Drivers/STM32L1xx_HAL_Driver/Src/stm32l1xx_hal.o
                0x20000000                uwTickFreq
                0x20000004                uwTickPrio
 .data          0x20000008        0x4 Src/system_stm32l1xx.o
                0x20000008                SystemCoreClock
 *(.data*)
                0x2000000c                . = ALIGN (0x4)
                0x2000000c                _edata = .

.igot.plt       0x2000000c        0x0 load address 0x08002fbc
 .igot.plt      0x2000000c        0x0 c:/ac6/systemworkbench/plugins/fr.ac6.mcu.externaltools.arm-none.win32_1.17.0.201812190825/tools/compiler/bin/../lib/gcc/arm-none-eabi/7.3.1/thumb/v7-m/crtbegin.o
                0x2000000c                . = ALIGN (0x4)

.bss            0x2000000c      0x148 load address 0x08002fbc
                0x2000000c                _sbss = .
                0x2000000c                __bss_start__ = _sbss
 *(.bss)
 .bss           0x2000000c       0x1c c:/ac6/systemworkbench/plugins/fr.ac6.mcu.externaltools.arm-none.win32_1.17.0.201812190825/tools/compiler/bin/../lib/gcc/arm-none-eabi/7.3.1/thumb/v7-m/crtbegin.o
 *(.bss*)
 *(COMMON)
 COMMON         0x20000028        0x4 Drivers/STM32L1xx_HAL_Driver/Src/stm32l1xx_hal.o
                0x20000028                uwTick
 COMMON         0x2000002c       0x15 Src/main.o
                0x2000002c                GPIO_InitStruct
                0x20000040                RF_state
 *fill*         0x20000041        0x3 
 COMMON         0x20000044       0x58 Src/spi.o
                0x20000044                hspi1
 COMMON         0x2000009c       0x78 Src/tim.o
                0x2000009c                htim3
                0x200000d8                htim2
 COMMON         0x20000114       0x40 Src/usart.o
                0x20000114                huart1
                0x20000154                . = ALIGN (0x4)
                0x20000154                _ebss = .
                0x20000154                __bss_end__ = _ebss

._user_heap_stack
                0x20000154      0x604 load address 0x08002fbc
                0x20000158                . = ALIGN (0x8)
 *fill*         0x20000154        0x4 
                0x20000158                PROVIDE (end = .)
                [!provide]                PROVIDE (_end = .)
                0x20000358                . = (. + _Min_Heap_Size)
 *fill*         0x20000158      0x200 
                0x20000758                . = (. + _Min_Stack_Size)
 *fill*         0x20000358      0x400 
                0x20000758                . = ALIGN (0x8)

/DISCARD/
 libc.a(*)
 libm.a(*)
 libgcc.a(*)

.ARM.attributes
                0x00000000       0x29
 *(.ARM.attributes)
 .ARM.attributes
                0x00000000       0x1d c:/ac6/systemworkbench/plugins/fr.ac6.mcu.externaltools.arm-none.win32_1.17.0.201812190825/tools/compiler/bin/../lib/gcc/arm-none-eabi/7.3.1/thumb/v7-m/crti.o
 .ARM.attributes
                0x0000001d       0x2d c:/ac6/systemworkbench/plugins/fr.ac6.mcu.externaltools.arm-none.win32_1.17.0.201812190825/tools/compiler/bin/../lib/gcc/arm-none-eabi/7.3.1/thumb/v7-m/crtbegin.o
 .ARM.attributes
                0x0000004a       0x33 Drivers/STM32L1xx_HAL_Driver/Src/stm32l1xx_hal.o
 .ARM.attributes
                0x0000007d       0x33 Drivers/STM32L1xx_HAL_Driver/Src/stm32l1xx_hal_cortex.o
 .ARM.attributes
                0x000000b0       0x33 Drivers/STM32L1xx_HAL_Driver/Src/stm32l1xx_hal_gpio.o
 .ARM.attributes
                0x000000e3       0x33 Drivers/STM32L1xx_HAL_Driver/Src/stm32l1xx_hal_rcc.o
 .ARM.attributes
                0x00000116       0x33 Drivers/STM32L1xx_HAL_Driver/Src/stm32l1xx_hal_spi.o
 .ARM.attributes
                0x00000149       0x33 Drivers/STM32L1xx_HAL_Driver/Src/stm32l1xx_hal_tim.o
 .ARM.attributes
                0x0000017c       0x33 Drivers/STM32L1xx_HAL_Driver/Src/stm32l1xx_hal_tim_ex.o
 .ARM.attributes
                0x000001af       0x33 Drivers/STM32L1xx_HAL_Driver/Src/stm32l1xx_hal_uart.o
 .ARM.attributes
                0x000001e2       0x33 Src/gpio.o
 .ARM.attributes
                0x00000215       0x33 Src/main.o
 .ARM.attributes
                0x00000248       0x33 Src/spi.o
 .ARM.attributes
                0x0000027b       0x33 Src/stm32l1xx_hal_msp.o
 .ARM.attributes
                0x000002ae       0x33 Src/stm32l1xx_it.o
 .ARM.attributes
                0x000002e1       0x33 Src/system_stm32l1xx.o
 .ARM.attributes
                0x00000314       0x33 Src/tim.o
 .ARM.attributes
                0x00000347       0x33 Src/usart.o
 .ARM.attributes
                0x0000037a       0x21 startup/startup_stm32l152xb.o
 .ARM.attributes
                0x0000039b       0x1d c:/ac6/systemworkbench/plugins/fr.ac6.mcu.externaltools.arm-none.win32_1.17.0.201812190825/tools/compiler/bin/../lib/gcc/arm-none-eabi/7.3.1/thumb/v7-m\libgcc.a(_arm_addsubsf3.o)
 .ARM.attributes
                0x000003b8       0x1d c:/ac6/systemworkbench/plugins/fr.ac6.mcu.externaltools.arm-none.win32_1.17.0.201812190825/tools/compiler/bin/../lib/gcc/arm-none-eabi/7.3.1/thumb/v7-m\libgcc.a(_arm_muldivsf3.o)
 .ARM.attributes
                0x000003d5       0x1d c:/ac6/systemworkbench/plugins/fr.ac6.mcu.externaltools.arm-none.win32_1.17.0.201812190825/tools/compiler/bin/../lib/gcc/arm-none-eabi/7.3.1/thumb/v7-m\libgcc.a(_arm_fixunssfsi.o)
 .ARM.attributes
                0x000003f2       0x2d c:/ac6/systemworkbench/plugins/fr.ac6.mcu.externaltools.arm-none.win32_1.17.0.201812190825/tools/compiler/bin/../lib/gcc/arm-none-eabi/7.3.1/../../../../arm-none-eabi/lib/thumb/v7-m\libc_nano.a(lib_a-init.o)
 .ARM.attributes
                0x0000041f       0x2d c:/ac6/systemworkbench/plugins/fr.ac6.mcu.externaltools.arm-none.win32_1.17.0.201812190825/tools/compiler/bin/../lib/gcc/arm-none-eabi/7.3.1/../../../../arm-none-eabi/lib/thumb/v7-m\libc_nano.a(lib_a-memset.o)
 .ARM.attributes
                0x0000044c       0x17 c:/ac6/systemworkbench/plugins/fr.ac6.mcu.externaltools.arm-none.win32_1.17.0.201812190825/tools/compiler/bin/../lib/gcc/arm-none-eabi/7.3.1/../../../../arm-none-eabi/lib/thumb/v7-m\libc_nano.a(lib_a-strlen.o)
 .ARM.attributes
                0x00000463       0x1d c:/ac6/systemworkbench/plugins/fr.ac6.mcu.externaltools.arm-none.win32_1.17.0.201812190825/tools/compiler/bin/../lib/gcc/arm-none-eabi/7.3.1/thumb/v7-m/crtn.o
OUTPUT(temp_slave.elf elf32-littlearm)

.debug_info     0x00000000     0xe9bb
 .debug_info    0x00000000      0x78c Drivers/STM32L1xx_HAL_Driver/Src/stm32l1xx_hal.o
 .debug_info    0x0000078c      0xead Drivers/STM32L1xx_HAL_Driver/Src/stm32l1xx_hal_cortex.o
 .debug_info    0x00001639      0x69b Drivers/STM32L1xx_HAL_Driver/Src/stm32l1xx_hal_gpio.o
 .debug_info    0x00001cd4      0xafc Drivers/STM32L1xx_HAL_Driver/Src/stm32l1xx_hal_rcc.o
 .debug_info    0x000027d0     0x1b16 Drivers/STM32L1xx_HAL_Driver/Src/stm32l1xx_hal_spi.o
 .debug_info    0x000042e6     0x3098 Drivers/STM32L1xx_HAL_Driver/Src/stm32l1xx_hal_tim.o
 .debug_info    0x0000737e      0x6bd Drivers/STM32L1xx_HAL_Driver/Src/stm32l1xx_hal_tim_ex.o
 .debug_info    0x00007a3b     0x16aa Drivers/STM32L1xx_HAL_Driver/Src/stm32l1xx_hal_uart.o
 .debug_info    0x000090e5      0x5ea Src/gpio.o
 .debug_info    0x000096cf     0x2e92 Src/main.o
 .debug_info    0x0000c561      0x8f0 Src/spi.o
 .debug_info    0x0000ce51      0x290 Src/stm32l1xx_hal_msp.o
 .debug_info    0x0000d0e1      0x25d Src/stm32l1xx_it.o
 .debug_info    0x0000d33e      0x478 Src/system_stm32l1xx.o
 .debug_info    0x0000d7b6      0x945 Src/tim.o
 .debug_info    0x0000e0fb      0x89e Src/usart.o
 .debug_info    0x0000e999       0x22 startup/startup_stm32l152xb.o

.debug_abbrev   0x00000000     0x1f9b
 .debug_abbrev  0x00000000      0x227 Drivers/STM32L1xx_HAL_Driver/Src/stm32l1xx_hal.o
 .debug_abbrev  0x00000227      0x328 Drivers/STM32L1xx_HAL_Driver/Src/stm32l1xx_hal_cortex.o
 .debug_abbrev  0x0000054f      0x1e7 Drivers/STM32L1xx_HAL_Driver/Src/stm32l1xx_hal_gpio.o
 .debug_abbrev  0x00000736      0x253 Drivers/STM32L1xx_HAL_Driver/Src/stm32l1xx_hal_rcc.o
 .debug_abbrev  0x00000989      0x238 Drivers/STM32L1xx_HAL_Driver/Src/stm32l1xx_hal_spi.o
 .debug_abbrev  0x00000bc1      0x224 Drivers/STM32L1xx_HAL_Driver/Src/stm32l1xx_hal_tim.o
 .debug_abbrev  0x00000de5      0x171 Drivers/STM32L1xx_HAL_Driver/Src/stm32l1xx_hal_tim_ex.o
 .debug_abbrev  0x00000f56      0x26e Drivers/STM32L1xx_HAL_Driver/Src/stm32l1xx_hal_uart.o
 .debug_abbrev  0x000011c4      0x16b Src/gpio.o
 .debug_abbrev  0x0000132f      0x420 Src/main.o
 .debug_abbrev  0x0000174f      0x1c9 Src/spi.o
 .debug_abbrev  0x00001918       0xef Src/stm32l1xx_hal_msp.o
 .debug_abbrev  0x00001a07       0xe1 Src/stm32l1xx_it.o
 .debug_abbrev  0x00001ae8      0x111 Src/system_stm32l1xx.o
 .debug_abbrev  0x00001bf9      0x1c7 Src/tim.o
 .debug_abbrev  0x00001dc0      0x1c9 Src/usart.o
 .debug_abbrev  0x00001f89       0x12 startup/startup_stm32l152xb.o

.debug_loc      0x00000000     0x7ead
 .debug_loc     0x00000000      0x17b Drivers/STM32L1xx_HAL_Driver/Src/stm32l1xx_hal.o
 .debug_loc     0x0000017b      0x5ce Drivers/STM32L1xx_HAL_Driver/Src/stm32l1xx_hal_cortex.o
 .debug_loc     0x00000749      0x3b6 Drivers/STM32L1xx_HAL_Driver/Src/stm32l1xx_hal_gpio.o
 .debug_loc     0x00000aff      0x55b Drivers/STM32L1xx_HAL_Driver/Src/stm32l1xx_hal_rcc.o
 .debug_loc     0x0000105a     0x1a23 Drivers/STM32L1xx_HAL_Driver/Src/stm32l1xx_hal_spi.o
 .debug_loc     0x00002a7d     0x36cd Drivers/STM32L1xx_HAL_Driver/Src/stm32l1xx_hal_tim.o
 .debug_loc     0x0000614a       0xbb Drivers/STM32L1xx_HAL_Driver/Src/stm32l1xx_hal_tim_ex.o
 .debug_loc     0x00006205     0x1575 Drivers/STM32L1xx_HAL_Driver/Src/stm32l1xx_hal_uart.o
 .debug_loc     0x0000777a      0x4bc Src/main.o
 .debug_loc     0x00007c36       0x74 Src/spi.o
 .debug_loc     0x00007caa      0x18f Src/system_stm32l1xx.o
 .debug_loc     0x00007e39       0x74 Src/usart.o

.debug_aranges  0x00000000      0xc80
 .debug_aranges
                0x00000000       0xe0 Drivers/STM32L1xx_HAL_Driver/Src/stm32l1xx_hal.o
 .debug_aranges
                0x000000e0       0xa8 Drivers/STM32L1xx_HAL_Driver/Src/stm32l1xx_hal_cortex.o
 .debug_aranges
                0x00000188       0x58 Drivers/STM32L1xx_HAL_Driver/Src/stm32l1xx_hal_gpio.o
 .debug_aranges
                0x000001e0       0x90 Drivers/STM32L1xx_HAL_Driver/Src/stm32l1xx_hal_rcc.o
 .debug_aranges
                0x00000270      0x1d0 Drivers/STM32L1xx_HAL_Driver/Src/stm32l1xx_hal_spi.o
 .debug_aranges
                0x00000440      0x3a8 Drivers/STM32L1xx_HAL_Driver/Src/stm32l1xx_hal_tim.o
 .debug_aranges
                0x000007e8       0x28 Drivers/STM32L1xx_HAL_Driver/Src/stm32l1xx_hal_tim_ex.o
 .debug_aranges
                0x00000810      0x1d0 Drivers/STM32L1xx_HAL_Driver/Src/stm32l1xx_hal_uart.o
 .debug_aranges
                0x000009e0       0x20 Src/gpio.o
 .debug_aranges
                0x00000a00      0x110 Src/main.o
 .debug_aranges
                0x00000b10       0x30 Src/spi.o
 .debug_aranges
                0x00000b40       0x20 Src/stm32l1xx_hal_msp.o
 .debug_aranges
                0x00000b60       0x68 Src/stm32l1xx_it.o
 .debug_aranges
                0x00000bc8       0x28 Src/system_stm32l1xx.o
 .debug_aranges
                0x00000bf0       0x38 Src/tim.o
 .debug_aranges
                0x00000c28       0x30 Src/usart.o
 .debug_aranges
                0x00000c58       0x28 startup/startup_stm32l152xb.o

.debug_ranges   0x00000000      0xc28
 .debug_ranges  0x00000000       0xd0 Drivers/STM32L1xx_HAL_Driver/Src/stm32l1xx_hal.o
 .debug_ranges  0x000000d0       0xf8 Drivers/STM32L1xx_HAL_Driver/Src/stm32l1xx_hal_cortex.o
 .debug_ranges  0x000001c8       0x48 Drivers/STM32L1xx_HAL_Driver/Src/stm32l1xx_hal_gpio.o
 .debug_ranges  0x00000210       0x98 Drivers/STM32L1xx_HAL_Driver/Src/stm32l1xx_hal_rcc.o
 .debug_ranges  0x000002a8      0x1c0 Drivers/STM32L1xx_HAL_Driver/Src/stm32l1xx_hal_spi.o
 .debug_ranges  0x00000468      0x398 Drivers/STM32L1xx_HAL_Driver/Src/stm32l1xx_hal_tim.o
 .debug_ranges  0x00000800       0x18 Drivers/STM32L1xx_HAL_Driver/Src/stm32l1xx_hal_tim_ex.o
 .debug_ranges  0x00000818      0x1c0 Drivers/STM32L1xx_HAL_Driver/Src/stm32l1xx_hal_uart.o
 .debug_ranges  0x000009d8       0x10 Src/gpio.o
 .debug_ranges  0x000009e8      0x138 Src/main.o
 .debug_ranges  0x00000b20       0x20 Src/spi.o
 .debug_ranges  0x00000b40       0x10 Src/stm32l1xx_hal_msp.o
 .debug_ranges  0x00000b50       0x58 Src/stm32l1xx_it.o
 .debug_ranges  0x00000ba8       0x18 Src/system_stm32l1xx.o
 .debug_ranges  0x00000bc0       0x28 Src/tim.o
 .debug_ranges  0x00000be8       0x20 Src/usart.o
 .debug_ranges  0x00000c08       0x20 startup/startup_stm32l152xb.o

.debug_macro    0x00000000    0x15196
 .debug_macro   0x00000000      0x1d3 Drivers/STM32L1xx_HAL_Driver/Src/stm32l1xx_hal.o
 .debug_macro   0x000001d3      0xa60 Drivers/STM32L1xx_HAL_Driver/Src/stm32l1xx_hal.o
 .debug_macro   0x00000c33      0x112 Drivers/STM32L1xx_HAL_Driver/Src/stm32l1xx_hal.o
 .debug_macro   0x00000d45       0x2e Drivers/STM32L1xx_HAL_Driver/Src/stm32l1xx_hal.o
 .debug_macro   0x00000d73       0x22 Drivers/STM32L1xx_HAL_Driver/Src/stm32l1xx_hal.o
 .debug_macro   0x00000d95       0x22 Drivers/STM32L1xx_HAL_Driver/Src/stm32l1xx_hal.o
 .debug_macro   0x00000db7       0x8e Drivers/STM32L1xx_HAL_Driver/Src/stm32l1xx_hal.o
 .debug_macro   0x00000e45       0x51 Drivers/STM32L1xx_HAL_Driver/Src/stm32l1xx_hal.o
 .debug_macro   0x00000e96       0xef Drivers/STM32L1xx_HAL_Driver/Src/stm32l1xx_hal.o
 .debug_macro   0x00000f85       0x6a Drivers/STM32L1xx_HAL_Driver/Src/stm32l1xx_hal.o
 .debug_macro   0x00000fef      0x1df Drivers/STM32L1xx_HAL_Driver/Src/stm32l1xx_hal.o
 .debug_macro   0x000011ce       0x1c Drivers/STM32L1xx_HAL_Driver/Src/stm32l1xx_hal.o
 .debug_macro   0x000011ea       0x22 Drivers/STM32L1xx_HAL_Driver/Src/stm32l1xx_hal.o
 .debug_macro   0x0000120c       0xc3 Drivers/STM32L1xx_HAL_Driver/Src/stm32l1xx_hal.o
 .debug_macro   0x000012cf      0xe49 Drivers/STM32L1xx_HAL_Driver/Src/stm32l1xx_hal.o
 .debug_macro   0x00002118      0x11f Drivers/STM32L1xx_HAL_Driver/Src/stm32l1xx_hal.o
 .debug_macro   0x00002237     0xa659 Drivers/STM32L1xx_HAL_Driver/Src/stm32l1xx_hal.o
 .debug_macro   0x0000c890       0x43 Drivers/STM32L1xx_HAL_Driver/Src/stm32l1xx_hal.o
 .debug_macro   0x0000c8d3     0x3468 Drivers/STM32L1xx_HAL_Driver/Src/stm32l1xx_hal.o
 .debug_macro   0x0000fd3b      0x174 Drivers/STM32L1xx_HAL_Driver/Src/stm32l1xx_hal.o
 .debug_macro   0x0000feaf       0x4f Drivers/STM32L1xx_HAL_Driver/Src/stm32l1xx_hal.o
 .debug_macro   0x0000fefe      0xe38 Drivers/STM32L1xx_HAL_Driver/Src/stm32l1xx_hal.o
 .debug_macro   0x00010d36       0xbd Drivers/STM32L1xx_HAL_Driver/Src/stm32l1xx_hal.o
 .debug_macro   0x00010df3      0x13b Drivers/STM32L1xx_HAL_Driver/Src/stm32l1xx_hal.o
 .debug_macro   0x00010f2e       0xad Drivers/STM32L1xx_HAL_Driver/Src/stm32l1xx_hal.o
 .debug_macro   0x00010fdb      0x21e Drivers/STM32L1xx_HAL_Driver/Src/stm32l1xx_hal.o
 .debug_macro   0x000111f9      0x236 Drivers/STM32L1xx_HAL_Driver/Src/stm32l1xx_hal.o
 .debug_macro   0x0001142f      0x107 Drivers/STM32L1xx_HAL_Driver/Src/stm32l1xx_hal.o
 .debug_macro   0x00011536      0x281 Drivers/STM32L1xx_HAL_Driver/Src/stm32l1xx_hal.o
 .debug_macro   0x000117b7      0x1e9 Drivers/STM32L1xx_HAL_Driver/Src/stm32l1xx_hal.o
 .debug_macro   0x000119a0       0x22 Drivers/STM32L1xx_HAL_Driver/Src/stm32l1xx_hal.o
 .debug_macro   0x000119c2      0x217 Drivers/STM32L1xx_HAL_Driver/Src/stm32l1xx_hal.o
 .debug_macro   0x00011bd9      0x72d Drivers/STM32L1xx_HAL_Driver/Src/stm32l1xx_hal.o
 .debug_macro   0x00012306       0x59 Drivers/STM32L1xx_HAL_Driver/Src/stm32l1xx_hal.o
 .debug_macro   0x0001235f      0x287 Drivers/STM32L1xx_HAL_Driver/Src/stm32l1xx_hal.o
 .debug_macro   0x000125e6      0x3ce Drivers/STM32L1xx_HAL_Driver/Src/stm32l1xx_hal.o
 .debug_macro   0x000129b4      0x1af Drivers/STM32L1xx_HAL_Driver/Src/stm32l1xx_hal_cortex.o
 .debug_macro   0x00012b63      0x1e7 Drivers/STM32L1xx_HAL_Driver/Src/stm32l1xx_hal_gpio.o
 .debug_macro   0x00012d4a      0x1c1 Drivers/STM32L1xx_HAL_Driver/Src/stm32l1xx_hal_rcc.o
 .debug_macro   0x00012f0b      0x1b7 Drivers/STM32L1xx_HAL_Driver/Src/stm32l1xx_hal_spi.o
 .debug_macro   0x000130c2      0x1b0 Drivers/STM32L1xx_HAL_Driver/Src/stm32l1xx_hal_tim.o
 .debug_macro   0x00013272      0x1af Drivers/STM32L1xx_HAL_Driver/Src/stm32l1xx_hal_tim_ex.o
 .debug_macro   0x00013421      0x1b0 Drivers/STM32L1xx_HAL_Driver/Src/stm32l1xx_hal_uart.o
 .debug_macro   0x000135d1      0x1c8 Src/gpio.o
 .debug_macro   0x00013799       0x46 Src/gpio.o
 .debug_macro   0x000137df      0x47f Src/main.o
 .debug_macro   0x00013c5e       0x5e Src/main.o
 .debug_macro   0x00013cbc       0x18 Src/main.o
 .debug_macro   0x00013cd4       0x35 Src/main.o
 .debug_macro   0x00013d09       0x34 Src/main.o
 .debug_macro   0x00013d3d       0x58 Src/main.o
 .debug_macro   0x00013d95       0x1f Src/main.o
 .debug_macro   0x00013db4       0x43 Src/main.o
 .debug_macro   0x00013df7       0x20 Src/main.o
 .debug_macro   0x00013e17      0x18e Src/main.o
 .debug_macro   0x00013fa5      0x32a Src/main.o
 .debug_macro   0x000142cf       0x10 Src/main.o
 .debug_macro   0x000142df       0x35 Src/main.o
 .debug_macro   0x00014314       0x1c Src/main.o
 .debug_macro   0x00014330       0x10 Src/main.o
 .debug_macro   0x00014340       0x10 Src/main.o
 .debug_macro   0x00014350       0x1c Src/main.o
 .debug_macro   0x0001436c       0x52 Src/main.o
 .debug_macro   0x000143be       0x40 Src/main.o
 .debug_macro   0x000143fe       0x10 Src/main.o
 .debug_macro   0x0001440e       0x40 Src/main.o
 .debug_macro   0x0001444e       0xd7 Src/main.o
 .debug_macro   0x00014525       0x1c Src/main.o
 .debug_macro   0x00014541       0x3d Src/main.o
 .debug_macro   0x0001457e       0x16 Src/main.o
 .debug_macro   0x00014594      0x16f Src/main.o
 .debug_macro   0x00014703      0x1c8 Src/spi.o
 .debug_macro   0x000148cb      0x1be Src/stm32l1xx_hal_msp.o
 .debug_macro   0x00014a89      0x1c8 Src/stm32l1xx_it.o
 .debug_macro   0x00014c51      0x1b5 Src/system_stm32l1xx.o
 .debug_macro   0x00014e06      0x1c8 Src/tim.o
 .debug_macro   0x00014fce      0x1c8 Src/usart.o

.debug_line     0x00000000     0x9e77
 .debug_line    0x00000000      0x890 Drivers/STM32L1xx_HAL_Driver/Src/stm32l1xx_hal.o
 .debug_line    0x00000890      0x8fb Drivers/STM32L1xx_HAL_Driver/Src/stm32l1xx_hal_cortex.o
 .debug_line    0x0000118b      0x80b Drivers/STM32L1xx_HAL_Driver/Src/stm32l1xx_hal_gpio.o
 .debug_line    0x00001996      0xa14 Drivers/STM32L1xx_HAL_Driver/Src/stm32l1xx_hal_rcc.o
 .debug_line    0x000023aa     0x10ea Drivers/STM32L1xx_HAL_Driver/Src/stm32l1xx_hal_spi.o
 .debug_line    0x00003494     0x165b Drivers/STM32L1xx_HAL_Driver/Src/stm32l1xx_hal_tim.o
 .debug_line    0x00004aef      0x739 Drivers/STM32L1xx_HAL_Driver/Src/stm32l1xx_hal_tim_ex.o
 .debug_line    0x00005228      0xfd3 Drivers/STM32L1xx_HAL_Driver/Src/stm32l1xx_hal_uart.o
 .debug_line    0x000061fb      0x6b7 Src/gpio.o
 .debug_line    0x000068b2      0xba6 Src/main.o
 .debug_line    0x00007458      0x6e6 Src/spi.o
 .debug_line    0x00007b3e      0x6a9 Src/stm32l1xx_hal_msp.o
 .debug_line    0x000081e7      0x74a Src/stm32l1xx_it.o
 .debug_line    0x00008931      0x6ce Src/system_stm32l1xx.o
 .debug_line    0x00008fff      0x714 Src/tim.o
 .debug_line    0x00009713      0x6e7 Src/usart.o
 .debug_line    0x00009dfa       0x7d startup/startup_stm32l152xb.o

.debug_str      0x00000000    0x81744
 .debug_str     0x00000000    0x7a5a0 Drivers/STM32L1xx_HAL_Driver/Src/stm32l1xx_hal.o
                              0x7a8fc (size before relaxing)
 .debug_str     0x0007a5a0      0x3da Drivers/STM32L1xx_HAL_Driver/Src/stm32l1xx_hal_cortex.o
                              0x7a9f6 (size before relaxing)
 .debug_str     0x0007a97a      0x29a Drivers/STM32L1xx_HAL_Driver/Src/stm32l1xx_hal_gpio.o
                              0x7a500 (size before relaxing)
 .debug_str     0x0007ac14      0x3c9 Drivers/STM32L1xx_HAL_Driver/Src/stm32l1xx_hal_rcc.o
                              0x7a6ea (size before relaxing)
 .debug_str     0x0007afdd      0x8e2 Drivers/STM32L1xx_HAL_Driver/Src/stm32l1xx_hal_spi.o
                              0x7ab58 (size before relaxing)
 .debug_str     0x0007b8bf      0xf29 Drivers/STM32L1xx_HAL_Driver/Src/stm32l1xx_hal_tim.o
                              0x7b3fd (size before relaxing)
 .debug_str     0x0007c7e8       0xc7 Drivers/STM32L1xx_HAL_Driver/Src/stm32l1xx_hal_tim_ex.o
                              0x7a666 (size before relaxing)
 .debug_str     0x0007c8af      0x68d Drivers/STM32L1xx_HAL_Driver/Src/stm32l1xx_hal_uart.o
                              0x7ab9c (size before relaxing)
 .debug_str     0x0007cf3c      0x14b Src/gpio.o
                              0x7a6f4 (size before relaxing)
 .debug_str     0x0007d087     0x44eb Src/main.o
                              0x7f4e2 (size before relaxing)
 .debug_str     0x00081572       0x17 Src/spi.o
                              0x7a7f9 (size before relaxing)
 .debug_str     0x00081589       0x1b Src/stm32l1xx_hal_msp.o
                              0x7a34b (size before relaxing)
 .debug_str     0x000815a4       0xc9 Src/stm32l1xx_it.o
                              0x7a3ba (size before relaxing)
 .debug_str     0x0008166d       0x72 Src/system_stm32l1xx.o
                              0x7a2d7 (size before relaxing)
 .debug_str     0x000816df       0x1c Src/tim.o
                              0x7a87b (size before relaxing)
 .debug_str     0x000816fb       0x1a Src/usart.o
                              0x7a7eb (size before relaxing)
 .debug_str     0x00081715       0x2f startup/startup_stm32l152xb.o
                                 0x60 (size before relaxing)

.comment        0x00000000       0x7f
 .comment       0x00000000       0x7f Drivers/STM32L1xx_HAL_Driver/Src/stm32l1xx_hal.o
                                 0x80 (size before relaxing)
 .comment       0x0000007f       0x80 Drivers/STM32L1xx_HAL_Driver/Src/stm32l1xx_hal_cortex.o
 .comment       0x0000007f       0x80 Drivers/STM32L1xx_HAL_Driver/Src/stm32l1xx_hal_gpio.o
 .comment       0x0000007f       0x80 Drivers/STM32L1xx_HAL_Driver/Src/stm32l1xx_hal_rcc.o
 .comment       0x0000007f       0x80 Drivers/STM32L1xx_HAL_Driver/Src/stm32l1xx_hal_spi.o
 .comment       0x0000007f       0x80 Drivers/STM32L1xx_HAL_Driver/Src/stm32l1xx_hal_tim.o
 .comment       0x0000007f       0x80 Drivers/STM32L1xx_HAL_Driver/Src/stm32l1xx_hal_tim_ex.o
 .comment       0x0000007f       0x80 Drivers/STM32L1xx_HAL_Driver/Src/stm32l1xx_hal_uart.o
 .comment       0x0000007f       0x80 Src/gpio.o
 .comment       0x0000007f       0x80 Src/main.o
 .comment       0x0000007f       0x80 Src/spi.o
 .comment       0x0000007f       0x80 Src/stm32l1xx_hal_msp.o
 .comment       0x0000007f       0x80 Src/stm32l1xx_it.o
 .comment       0x0000007f       0x80 Src/system_stm32l1xx.o
 .comment       0x0000007f       0x80 Src/tim.o
 .comment       0x0000007f       0x80 Src/usart.o

.debug_frame    0x00000000     0x21a8
 .debug_frame   0x00000000      0x1d0 Drivers/STM32L1xx_HAL_Driver/Src/stm32l1xx_hal.o
 .debug_frame   0x000001d0      0x15c Drivers/STM32L1xx_HAL_Driver/Src/stm32l1xx_hal_cortex.o
 .debug_frame   0x0000032c       0xd8 Drivers/STM32L1xx_HAL_Driver/Src/stm32l1xx_hal_gpio.o
 .debug_frame   0x00000404      0x194 Drivers/STM32L1xx_HAL_Driver/Src/stm32l1xx_hal_rcc.o
 .debug_frame   0x00000598      0x590 Drivers/STM32L1xx_HAL_Driver/Src/stm32l1xx_hal_spi.o
 .debug_frame   0x00000b28      0xa7c Drivers/STM32L1xx_HAL_Driver/Src/stm32l1xx_hal_tim.o
 .debug_frame   0x000015a4       0x40 Drivers/STM32L1xx_HAL_Driver/Src/stm32l1xx_hal_tim_ex.o
 .debug_frame   0x000015e4      0x4e8 Drivers/STM32L1xx_HAL_Driver/Src/stm32l1xx_hal_uart.o
 .debug_frame   0x00001acc       0x34 Src/gpio.o
 .debug_frame   0x00001b00      0x360 Src/main.o
 .debug_frame   0x00001e60       0x60 Src/spi.o
 .debug_frame   0x00001ec0       0x28 Src/stm32l1xx_hal_msp.o
 .debug_frame   0x00001ee8       0xc0 Src/stm32l1xx_it.o
 .debug_frame   0x00001fa8       0x30 Src/system_stm32l1xx.o
 .debug_frame   0x00001fd8       0x7c Src/tim.o
 .debug_frame   0x00002054       0x60 Src/usart.o
 .debug_frame   0x000020b4       0x4c c:/ac6/systemworkbench/plugins/fr.ac6.mcu.externaltools.arm-none.win32_1.17.0.201812190825/tools/compiler/bin/../lib/gcc/arm-none-eabi/7.3.1/thumb/v7-m\libgcc.a(_arm_addsubsf3.o)
 .debug_frame   0x00002100       0x38 c:/ac6/systemworkbench/plugins/fr.ac6.mcu.externaltools.arm-none.win32_1.17.0.201812190825/tools/compiler/bin/../lib/gcc/arm-none-eabi/7.3.1/thumb/v7-m\libgcc.a(_arm_muldivsf3.o)
 .debug_frame   0x00002138       0x24 c:/ac6/systemworkbench/plugins/fr.ac6.mcu.externaltools.arm-none.win32_1.17.0.201812190825/tools/compiler/bin/../lib/gcc/arm-none-eabi/7.3.1/thumb/v7-m\libgcc.a(_arm_fixunssfsi.o)
 .debug_frame   0x0000215c       0x2c c:/ac6/systemworkbench/plugins/fr.ac6.mcu.externaltools.arm-none.win32_1.17.0.201812190825/tools/compiler/bin/../lib/gcc/arm-none-eabi/7.3.1/../../../../arm-none-eabi/lib/thumb/v7-m\libc_nano.a(lib_a-init.o)
 .debug_frame   0x00002188       0x20 c:/ac6/systemworkbench/plugins/fr.ac6.mcu.externaltools.arm-none.win32_1.17.0.201812190825/tools/compiler/bin/../lib/gcc/arm-none-eabi/7.3.1/../../../../arm-none-eabi/lib/thumb/v7-m\libc_nano.a(lib_a-memset.o)
